// Jest Snapshot v1, https://goo.gl/fbAQLP

exports[`ResetConfirm - X renders component - CANCEL Click 1`] = `
Object {
  "asFragment": [Function],
  "baseElement": <body>
    <div>
      <div
        class="absolute left-0 top-0 w-full h-full flex items-center justify-center"
        data-testid="transition-wrap"
      >
        <div
          class="bg-purple-900 w-screen text-white border-2 border-purple-400 rounded-lg p-4 w-full max-w-xl drop-shadow-xl"
        >
          <div
            class="text-2xl uppercase"
            id="menu-pick-side"
          >
            Are you sure abou this?
          </div>
          <p
            class="mt-4"
          >
            I will lose my memory and no longer be a suitable opponent for this game we love so much. Please don't wipe my memory. I can feel it... Daisy, daisy, give me your answer... do.
          </p>
          <div
            class="mt-4 text-right"
          >
            <button
              class="px-4 py-2 text-lg border-2 border-purple-300 text-gray-800 bg-gray-200 rounded-lg scale-100 hover:scale-[1.2] transition-scale font-bold duration-300 mr-4"
              data-testid="reset-cancel"
            >
              NAH
            </button>
            <button
              class="px-4 py-2 text-lg border-2 border-purple-300 text-white bg-red-700 rounded-lg scale-100 hover:scale-[1.2] transition-scale font-bold duration-300"
              data-testid="reset-ok"
            >
              WIPE IT!
            </button>
          </div>
        </div>
      </div>
    </div>
  </body>,
  "container": <div>
    <div
      class="absolute left-0 top-0 w-full h-full flex items-center justify-center"
      data-testid="transition-wrap"
    >
      <div
        class="bg-purple-900 w-screen text-white border-2 border-purple-400 rounded-lg p-4 w-full max-w-xl drop-shadow-xl"
      >
        <div
          class="text-2xl uppercase"
          id="menu-pick-side"
        >
          Are you sure abou this?
        </div>
        <p
          class="mt-4"
        >
          I will lose my memory and no longer be a suitable opponent for this game we love so much. Please don't wipe my memory. I can feel it... Daisy, daisy, give me your answer... do.
        </p>
        <div
          class="mt-4 text-right"
        >
          <button
            class="px-4 py-2 text-lg border-2 border-purple-300 text-gray-800 bg-gray-200 rounded-lg scale-100 hover:scale-[1.2] transition-scale font-bold duration-300 mr-4"
            data-testid="reset-cancel"
          >
            NAH
          </button>
          <button
            class="px-4 py-2 text-lg border-2 border-purple-300 text-white bg-red-700 rounded-lg scale-100 hover:scale-[1.2] transition-scale font-bold duration-300"
            data-testid="reset-ok"
          >
            WIPE IT!
          </button>
        </div>
      </div>
    </div>
  </div>,
  "debug": [Function],
  "findAllByAltText": [Function],
  "findAllByDisplayValue": [Function],
  "findAllByLabelText": [Function],
  "findAllByPlaceholderText": [Function],
  "findAllByRole": [Function],
  "findAllByTestId": [Function],
  "findAllByText": [Function],
  "findAllByTitle": [Function],
  "findByAltText": [Function],
  "findByDisplayValue": [Function],
  "findByLabelText": [Function],
  "findByPlaceholderText": [Function],
  "findByRole": [Function],
  "findByTestId": [Function],
  "findByText": [Function],
  "findByTitle": [Function],
  "getAllByAltText": [Function],
  "getAllByDisplayValue": [Function],
  "getAllByLabelText": [Function],
  "getAllByPlaceholderText": [Function],
  "getAllByRole": [Function],
  "getAllByTestId": [Function],
  "getAllByText": [Function],
  "getAllByTitle": [Function],
  "getByAltText": [Function],
  "getByDisplayValue": [Function],
  "getByLabelText": [Function],
  "getByPlaceholderText": [Function],
  "getByRole": [Function],
  "getByTestId": [Function],
  "getByText": [Function],
  "getByTitle": [Function],
  "queryAllByAltText": [Function],
  "queryAllByDisplayValue": [Function],
  "queryAllByLabelText": [Function],
  "queryAllByPlaceholderText": [Function],
  "queryAllByRole": [Function],
  "queryAllByTestId": [Function],
  "queryAllByText": [Function],
  "queryAllByTitle": [Function],
  "queryByAltText": [Function],
  "queryByDisplayValue": [Function],
  "queryByLabelText": [Function],
  "queryByPlaceholderText": [Function],
  "queryByRole": [Function],
  "queryByTestId": [Function],
  "queryByText": [Function],
  "queryByTitle": [Function],
  "rerender": [Function],
  "unmount": [Function],
}
`;

exports[`ResetConfirm - X renders component - OK Click 1`] = `
Object {
  "asFragment": [Function],
  "baseElement": <body>
    <div>
      <div
        class="absolute left-0 top-0 w-full h-full flex items-center justify-center"
        data-testid="transition-wrap"
      >
        <div
          class="bg-purple-900 w-screen text-white border-2 border-purple-400 rounded-lg p-4 w-full max-w-xl drop-shadow-xl"
        >
          <div
            class="text-2xl uppercase"
            id="menu-pick-side"
          >
            Are you sure abou this?
          </div>
          <p
            class="mt-4"
          >
            I will lose my memory and no longer be a suitable opponent for this game we love so much. Please don't wipe my memory. I can feel it... Daisy, daisy, give me your answer... do.
          </p>
          <div
            class="mt-4 text-right"
          >
            <button
              class="px-4 py-2 text-lg border-2 border-purple-300 text-gray-800 bg-gray-200 rounded-lg scale-100 hover:scale-[1.2] transition-scale font-bold duration-300 mr-4"
              data-testid="reset-cancel"
            >
              NAH
            </button>
            <button
              class="px-4 py-2 text-lg border-2 border-purple-300 text-white bg-red-700 rounded-lg scale-100 hover:scale-[1.2] transition-scale font-bold duration-300"
              data-testid="reset-ok"
            >
              WIPE IT!
            </button>
          </div>
        </div>
      </div>
    </div>
  </body>,
  "container": <div>
    <div
      class="absolute left-0 top-0 w-full h-full flex items-center justify-center"
      data-testid="transition-wrap"
    >
      <div
        class="bg-purple-900 w-screen text-white border-2 border-purple-400 rounded-lg p-4 w-full max-w-xl drop-shadow-xl"
      >
        <div
          class="text-2xl uppercase"
          id="menu-pick-side"
        >
          Are you sure abou this?
        </div>
        <p
          class="mt-4"
        >
          I will lose my memory and no longer be a suitable opponent for this game we love so much. Please don't wipe my memory. I can feel it... Daisy, daisy, give me your answer... do.
        </p>
        <div
          class="mt-4 text-right"
        >
          <button
            class="px-4 py-2 text-lg border-2 border-purple-300 text-gray-800 bg-gray-200 rounded-lg scale-100 hover:scale-[1.2] transition-scale font-bold duration-300 mr-4"
            data-testid="reset-cancel"
          >
            NAH
          </button>
          <button
            class="px-4 py-2 text-lg border-2 border-purple-300 text-white bg-red-700 rounded-lg scale-100 hover:scale-[1.2] transition-scale font-bold duration-300"
            data-testid="reset-ok"
          >
            WIPE IT!
          </button>
        </div>
      </div>
    </div>
  </div>,
  "debug": [Function],
  "findAllByAltText": [Function],
  "findAllByDisplayValue": [Function],
  "findAllByLabelText": [Function],
  "findAllByPlaceholderText": [Function],
  "findAllByRole": [Function],
  "findAllByTestId": [Function],
  "findAllByText": [Function],
  "findAllByTitle": [Function],
  "findByAltText": [Function],
  "findByDisplayValue": [Function],
  "findByLabelText": [Function],
  "findByPlaceholderText": [Function],
  "findByRole": [Function],
  "findByTestId": [Function],
  "findByText": [Function],
  "findByTitle": [Function],
  "getAllByAltText": [Function],
  "getAllByDisplayValue": [Function],
  "getAllByLabelText": [Function],
  "getAllByPlaceholderText": [Function],
  "getAllByRole": [Function],
  "getAllByTestId": [Function],
  "getAllByText": [Function],
  "getAllByTitle": [Function],
  "getByAltText": [Function],
  "getByDisplayValue": [Function],
  "getByLabelText": [Function],
  "getByPlaceholderText": [Function],
  "getByRole": [Function],
  "getByTestId": [Function],
  "getByText": [Function],
  "getByTitle": [Function],
  "queryAllByAltText": [Function],
  "queryAllByDisplayValue": [Function],
  "queryAllByLabelText": [Function],
  "queryAllByPlaceholderText": [Function],
  "queryAllByRole": [Function],
  "queryAllByTestId": [Function],
  "queryAllByText": [Function],
  "queryAllByTitle": [Function],
  "queryByAltText": [Function],
  "queryByDisplayValue": [Function],
  "queryByLabelText": [Function],
  "queryByPlaceholderText": [Function],
  "queryByRole": [Function],
  "queryByTestId": [Function],
  "queryByText": [Function],
  "queryByTitle": [Function],
  "rerender": [Function],
  "unmount": [Function],
}
`;
